// Jest Snapshot v1, https://goo.gl/fbAQLP

exports[`renders test input correctly 1`] = `
<div>
  <label
    class="undefined  flex relative cursor-text border-[#A6B7D0] bg-[#F4F8FC]  fill-blue-desaturated  border rounded-lg h-12 px-2"
  >
    <div
      class="shrink-0"
    >
      <svg
        class=" w-full h-full"
        data-testid="component-atom-icon"
      />
    </div>
    <div
      class="relative"
    >
      <span
        class="absolute flex top-0 bottom-0 left-0 items-center text-blue-desaturated opacity-100"
      >
        Hello World
      </span>
      <input
        class="block outline-none w-full h-full bg-transparent h-12"
        value=""
      />
    </div>
  </label>
  <label
    class="undefined  flex relative cursor-text border-[#A6B7D0] bg-[#F4F8FC]  fill-blue-desaturated  border rounded-lg h-12 px-2"
  >
    <div
      class="shrink-0"
    >
      <svg
        class=" w-full h-full"
        data-testid="component-atom-icon"
      />
    </div>
    <div
      class="relative"
    >
      <span
        class="absolute flex top-0 bottom-0 left-0 items-center text-blue-desaturated opacity-100"
      >
        Search
      </span>
      <input
        class="block outline-none w-full h-full bg-transparent h-12"
        value=""
      />
    </div>
  </label>
</div>
`;
