// Jest Snapshot v1, https://goo.gl/fbAQLP

exports[`Renders snapshot correctly 1`] = `
<div>
  <div
    class="w-full h-full flex items-center justify-center"
    data-testid="page-not-found"
  >
    <h1
      class="font-bold text-4xl"
    >
      Page Not Found
    </h1>
  </div>
</div>
`;
