// Jest Snapshot v1, https://goo.gl/fbAQLP

exports[`renders snapshot tests correctly 1`] = `<div />`;
